Archive member included because of file (symbol)

d:/root/arm-eabi/bin/../lib/gcc/arm-eabi/4.9.2/../../../../arm-eabi/lib/thumb/fpu/cortex_m4\libc.a(lib_a-atexit.o)
                              d:/root/arm-eabi/bin/../lib/gcc/arm-eabi/4.9.2/../../../../arm-eabi/lib/thumb/fpu/cortex_m4/crt0.o (atexit)
d:/root/arm-eabi/bin/../lib/gcc/arm-eabi/4.9.2/../../../../arm-eabi/lib/thumb/fpu/cortex_m4\libc.a(lib_a-exit.o)
                              d:/root/arm-eabi/bin/../lib/gcc/arm-eabi/4.9.2/../../../../arm-eabi/lib/thumb/fpu/cortex_m4/crt0.o (exit)
d:/root/arm-eabi/bin/../lib/gcc/arm-eabi/4.9.2/../../../../arm-eabi/lib/thumb/fpu/cortex_m4\libc.a(lib_a-fini.o)
                              d:/root/arm-eabi/bin/../lib/gcc/arm-eabi/4.9.2/../../../../arm-eabi/lib/thumb/fpu/cortex_m4/crt0.o (__libc_fini_array)
d:/root/arm-eabi/bin/../lib/gcc/arm-eabi/4.9.2/../../../../arm-eabi/lib/thumb/fpu/cortex_m4\libc.a(lib_a-impure.o)
                              d:/root/arm-eabi/bin/../lib/gcc/arm-eabi/4.9.2/../../../../arm-eabi/lib/thumb/fpu/cortex_m4\libc.a(lib_a-exit.o) (_global_impure_ptr)
d:/root/arm-eabi/bin/../lib/gcc/arm-eabi/4.9.2/../../../../arm-eabi/lib/thumb/fpu/cortex_m4\libc.a(lib_a-init.o)
                              d:/root/arm-eabi/bin/../lib/gcc/arm-eabi/4.9.2/../../../../arm-eabi/lib/thumb/fpu/cortex_m4/crt0.o (__libc_init_array)
d:/root/arm-eabi/bin/../lib/gcc/arm-eabi/4.9.2/../../../../arm-eabi/lib/thumb/fpu/cortex_m4\libc.a(lib_a-malloc.o)
                              src/sound.o (malloc)
d:/root/arm-eabi/bin/../lib/gcc/arm-eabi/4.9.2/../../../../arm-eabi/lib/thumb/fpu/cortex_m4\libc.a(lib_a-mallocr.o)
                              d:/root/arm-eabi/bin/../lib/gcc/arm-eabi/4.9.2/../../../../arm-eabi/lib/thumb/fpu/cortex_m4\libc.a(lib_a-malloc.o) (_malloc_r)
d:/root/arm-eabi/bin/../lib/gcc/arm-eabi/4.9.2/../../../../arm-eabi/lib/thumb/fpu/cortex_m4\libc.a(lib_a-memcmp.o)
                              src/ff.o (memcmp)
d:/root/arm-eabi/bin/../lib/gcc/arm-eabi/4.9.2/../../../../arm-eabi/lib/thumb/fpu/cortex_m4\libc.a(lib_a-memcpy.o)
                              src/ff.o (memcpy)
d:/root/arm-eabi/bin/../lib/gcc/arm-eabi/4.9.2/../../../../arm-eabi/lib/thumb/fpu/cortex_m4\libc.a(lib_a-memset.o)
                              d:/root/arm-eabi/bin/../lib/gcc/arm-eabi/4.9.2/../../../../arm-eabi/lib/thumb/fpu/cortex_m4/crt0.o (memset)
d:/root/arm-eabi/bin/../lib/gcc/arm-eabi/4.9.2/../../../../arm-eabi/lib/thumb/fpu/cortex_m4\libc.a(lib_a-mlock.o)
                              d:/root/arm-eabi/bin/../lib/gcc/arm-eabi/4.9.2/../../../../arm-eabi/lib/thumb/fpu/cortex_m4\libc.a(lib_a-mallocr.o) (__malloc_lock)
d:/root/arm-eabi/bin/../lib/gcc/arm-eabi/4.9.2/../../../../arm-eabi/lib/thumb/fpu/cortex_m4\libc.a(lib_a-printf.o)
                              src/timer.o (printf)
d:/root/arm-eabi/bin/../lib/gcc/arm-eabi/4.9.2/../../../../arm-eabi/lib/thumb/fpu/cortex_m4\libc.a(lib_a-reent.o)
                              src/newlib_stubs.o (errno)
d:/root/arm-eabi/bin/../lib/gcc/arm-eabi/4.9.2/../../../../arm-eabi/lib/thumb/fpu/cortex_m4\libc.a(lib_a-sbrkr.o)
                              d:/root/arm-eabi/bin/../lib/gcc/arm-eabi/4.9.2/../../../../arm-eabi/lib/thumb/fpu/cortex_m4\libc.a(lib_a-mallocr.o) (_sbrk_r)
d:/root/arm-eabi/bin/../lib/gcc/arm-eabi/4.9.2/../../../../arm-eabi/lib/thumb/fpu/cortex_m4\libc.a(lib_a-strchr.o)
                              src/ff.o (strchr)
d:/root/arm-eabi/bin/../lib/gcc/arm-eabi/4.9.2/../../../../arm-eabi/lib/thumb/fpu/cortex_m4\libc.a(lib_a-syscalls.o)
                              d:/root/arm-eabi/bin/../lib/gcc/arm-eabi/4.9.2/../../../../arm-eabi/lib/thumb/fpu/cortex_m4/crt0.o (initialise_monitor_handles)
d:/root/arm-eabi/bin/../lib/gcc/arm-eabi/4.9.2/../../../../arm-eabi/lib/thumb/fpu/cortex_m4\libc.a(lib_a-vfprintf.o)
                              d:/root/arm-eabi/bin/../lib/gcc/arm-eabi/4.9.2/../../../../arm-eabi/lib/thumb/fpu/cortex_m4\libc.a(lib_a-printf.o) (_vfprintf_r)
d:/root/arm-eabi/bin/../lib/gcc/arm-eabi/4.9.2/../../../../arm-eabi/lib/thumb/fpu/cortex_m4\libc.a(lib_a-wsetup.o)
                              d:/root/arm-eabi/bin/../lib/gcc/arm-eabi/4.9.2/../../../../arm-eabi/lib/thumb/fpu/cortex_m4\libc.a(lib_a-vfprintf.o) (__swsetup_r)
d:/root/arm-eabi/bin/../lib/gcc/arm-eabi/4.9.2/../../../../arm-eabi/lib/thumb/fpu/cortex_m4\libc.a(lib_a-__atexit.o)
                              d:/root/arm-eabi/bin/../lib/gcc/arm-eabi/4.9.2/../../../../arm-eabi/lib/thumb/fpu/cortex_m4\libc.a(lib_a-atexit.o) (__register_exitproc)
d:/root/arm-eabi/bin/../lib/gcc/arm-eabi/4.9.2/../../../../arm-eabi/lib/thumb/fpu/cortex_m4\libc.a(lib_a-__call_atexit.o)
                              d:/root/arm-eabi/bin/../lib/gcc/arm-eabi/4.9.2/../../../../arm-eabi/lib/thumb/fpu/cortex_m4\libc.a(lib_a-exit.o) (__call_exitprocs)
d:/root/arm-eabi/bin/../lib/gcc/arm-eabi/4.9.2/../../../../arm-eabi/lib/thumb/fpu/cortex_m4\libc.a(lib_a-dtoa.o)
[...]
Memory Configuration

Name             Origin             Length             Attributes
FLASH            0x08000000         0x00040000         xr
RAM              0x20000000         0x0000a000         xrw
MEMORY_B1        0x60000000         0x00000000         xr
CCMRAM           0x10000000         0x00002000         rw
*default*        0x00000000         0xffffffff

Linker script and memory map

LOAD d:/root/arm-eabi/bin/../lib/gcc/arm-eabi/4.9.2/thumb/fpu/cortex_m4/crti.o
LOAD d:/root/arm-eabi/bin/../lib/gcc/arm-eabi/4.9.2/thumb/fpu/cortex_m4/crtbegin.o
LOAD d:/root/arm-eabi/bin/../lib/gcc/arm-eabi/4.9.2/../../../../arm-eabi/lib/thumb/fpu/cortex_m4/crt0.o
LOAD Libraries/STM32F30x_StdPeriph_Driver/src/stm32f30x_gpio.o
LOAD Libraries/STM32F30x_StdPeriph_Driver/src/stm32f30x_spi.o
LOAD Libraries/STM32F30x_StdPeriph_Driver/src/stm32f30x_adc.o
LOAD Libraries/STM32F30x_StdPeriph_Driver/src/stm32f30x_iwdg.o
LOAD Libraries/STM32F30x_StdPeriph_Driver/src/stm32f30x_tim.o
LOAD Libraries/STM32F30x_StdPeriph_Driver/src/stm32f30x_misc.o
LOAD Libraries/STM32F30x_StdPeriph_Driver/src/stm32f30x_rtc.o
LOAD Libraries/STM32F30x_StdPeriph_Driver/src/stm32f30x_usart.o
LOAD Libraries/STM32F30x_StdPeriph_Driver/src/stm32f30x_syscfg.o
LOAD Libraries/STM32F30x_StdPeriph_Driver/src/stm32f30x_flash.o
LOAD Libraries/STM32F30x_StdPeriph_Driver/src/stm32f30x_rcc.o
LOAD Libraries/STM32F30x_StdPeriph_Driver/src/stm32f30x_crc.o
LOAD Libraries/STM32F30x_StdPeriph_Driver/src/stm32f30x_i2c.o
LOAD Libraries/STM32F30x_StdPeriph_Driver/src/stm32f30x_pwr.o
LOAD Libraries/STM32F30x_StdPeriph_Driver/src/stm32f30x_can.o
LOAD Libraries/STM32F30x_StdPeriph_Driver/src/stm32f30x_dac.o
LOAD Libraries/STM32F30x_StdPeriph_Driver/src/stm32f30x_dbgmcu.o
LOAD Libraries/STM32F30x_StdPeriph_Driver/src/stm32f30x_dma.o
LOAD Libraries/STM32F30x_StdPeriph_Driver/src/stm32f30x_exti.o
LOAD Libraries/STM32F30x_StdPeriph_Driver/src/stm32f30x_wwdg.o
LOAD Libraries/STM32F30x_StdPeriph_Driver/src/stm32f30x_opamp.o
LOAD Libraries/STM32F30x_StdPeriph_Driver/src/stm32f30x_comp.o
LOAD src/timer.o
LOAD src/system_stm32f30x.o
LOAD src/fattime.o
LOAD src/sound.o
LOAD src/display.o
LOAD src/ff.o
LOAD src/main.o
LOAD src/term_io.o
LOAD src/newlib_stubs.o
LOAD src/sd_spi_stm32.o
LOAD src/stm32f3_discovery.o
LOAD src/comm.o
LOAD src/common.o
LOAD src/io.o
LOAD src/startup_stm32f30x.o
LOAD d:/root/arm-eabi/bin/../lib/gcc/arm-eabi/4.9.2/../../../../arm-eabi/lib/thumb/fpu/cortex_m4\libm.a
LOAD d:/root/arm-eabi/bin/../lib/gcc/arm-eabi/4.9.2/../../../../arm-eabi/lib/thumb/fpu/cortex_m4\libc.a
START GROUP
LOAD d:/root/arm-eabi/bin/../lib/gcc/arm-eabi/4.9.2/thumb/fpu/cortex_m4\libgcc.a
LOAD d:/root/arm-eabi/bin/../lib/gcc/arm-eabi/4.9.2/../../../../arm-eabi/lib/thumb/fpu/cortex_m4\libg.a
LOAD d:/root/arm-eabi/bin/../lib/gcc/arm-eabi/4.9.2/../../../../arm-eabi/lib/thumb/fpu/cortex_m4\libc.a
END GROUP
LOAD d:/root/arm-eabi/bin/../lib/gcc/arm-eabi/4.9.2/thumb/fpu/cortex_m4/crtend.o
LOAD d:/root/arm-eabi/bin/../lib/gcc/arm-eabi/4.9.2/thumb/fpu/cortex_m4/crtn.o
                0x2000a000                _estack = 0x2000a000
                0x00000000                _Min_Heap_Size = 0x0
                0x00000200                _Min_Stack_Size = 0x200

.isr_vector     0x08000000      0x188
                0x08000000                . = ALIGN (0x4)
 *(.isr_vector)
 .isr_vector    0x08000000      0x188 src/startup_stm32f30x.o
                0x08000000                g_pfnVectors
                0x08000188                . = ALIGN (0x4)

.text           0x08000188     0x6268
                0x08000188                . = ALIGN (0x4)
 *(.text)
 .text          0x08000188       0xa4 d:/root/arm-eabi/bin/../lib/gcc/arm-eabi/4.9.2/thumb/fpu/cortex_m4/crtbegin.o
 .text          0x0800022c       0x50 d:/root/arm-eabi/bin/../lib/gcc/arm-eabi/4.9.2/../../../../arm-eabi/lib/thumb/fpu/cortex_m4\libc.a(lib_a-init.o)
                0x0800022c                __libc_init_array
 .text          0x0800027c       0x20 d:/root/arm-eabi/bin/../lib/gcc/arm-eabi/4.9.2/../../../../arm-eabi/lib/thumb/fpu/cortex_m4\libc.a(lib_a-malloc.o)
                0x0800027c                malloc
                0x0800028c                free
 .text          0x0800029c      0x50c d:/root/arm-eabi/bin/../lib/gcc/arm-eabi/4.9.2/../../../../arm-eabi/lib/thumb/fpu/cortex_m4\libc.a(lib_a-mallocr.o)
                0x0800029c                _malloc_r
 .text          0x080007a8       0x64 d:/root/arm-eabi/bin/../lib/gcc/arm-eabi/4.9.2/../../../../arm-eabi/lib/thumb/fpu/cortex_m4\libc.a(lib_a-memcmp.o)
                0x080007a8                memcmp
 .text          0x0800080c      0x134 d:/root/arm-eabi/bin/../lib/gcc/arm-eabi/4.9.2/../../../../arm-eabi/lib/thumb/fpu/cortex_m4\libc.a(lib_a-memcpy.o)
                0x0800080c                memcpy
 .text          0x08000940       0x9c d:/root/arm-eabi/bin/../lib/gcc/arm-eabi/4.9.2/../../../../arm-eabi/lib/thumb/fpu/cortex_m4\libc.a(lib_a-memset.o)
                0x08000940                memset
 .text          0x080009dc        0x8 d:/root/arm-eabi/bin/../lib/gcc/arm-eabi/4.9.2/../../../../arm-eabi/lib/thumb/fpu/cortex_m4\libc.a(lib_a-mlock.o)
                0x080009dc                __malloc_lock
                0x080009e0                __malloc_unlock
 .text          0x080009e4       0x24 d:/root/arm-eabi/bin/../lib/gcc/arm-eabi/4.9.2/../../../../arm-eabi/lib/thumb/fpu/cortex_m4\libc.a(lib_a-sbrkr.o)
                0x080009e4                _sbrk_r
 .text          0x08000a08       0xcc d:/root/arm-eabi/bin/../lib/gcc/arm-eabi/4.9.2/../../../../arm-eabi/lib/thumb/fpu/cortex_m4\libc.a(lib_a-strchr.o)
                0x08000a08                strchr
 .text          0x08000ad4      0x24c d:/root/arm-eabi/bin/../lib/gcc/arm-eabi/4.9.2/../../../../arm-eabi/lib/thumb/fpu/cortex_m4\libc.a(lib_a-freer.o)
                0x08000ad4                _malloc_trim_r
                0x08000b70                _free_r
 .text          0x08000d20      0x370 d:/root/arm-eabi/bin/../lib/gcc/arm-eabi/4.9.2/thumb/fpu/cortex_m4\libgcc.a(_arm_addsubdf3.o)
                0x08000d20                __aeabi_drsub
                0x08000d28                __aeabi_dsub
                0x08000d28                __subdf3
                0x08000d2c                __aeabi_dadd
                0x08000d2c                __adddf3
                0x08000fa4                __floatunsidf
                0x08000fa4                __aeabi_ui2d
                0x08000fc4                __floatsidf
                0x08000fc4                __aeabi_i2d
                0x08000fe8                __aeabi_f2d
                0x08000fe8                __extendsfdf2
                0x08001024                __floatundidf
                0x08001024                __aeabi_ul2d
                0x08001034                __floatdidf
                0x08001034                __aeabi_l2d
 .text          0x08001090      0x424 d:/root/arm-eabi/bin/../lib/gcc/arm-eabi/4.9.2/thumb/fpu/cortex_m4\libgcc.a(_arm_muldivdf3.o)
                0x08001090                __aeabi_dmul
                0x08001090                __muldf3
                0x080012e4                __divdf3
                0x080012e4                __aeabi_ddiv
 .text          0x080014b4       0x40 d:/root/arm-eabi/bin/../lib/gcc/arm-eabi/4.9.2/thumb/fpu/cortex_m4\libgcc.a(_arm_fixunsdfsi.o)
                0x080014b4                __aeabi_d2uiz
                0x080014b4                __fixunsdfsi
 *(.text*)
 .text.GPIO_Init
                0x080014f4      0x128 Libraries/STM32F30x_StdPeriph_Driver/src/stm32f30x_gpio.o
                0x080014f4                GPIO_Init
 .text.GPIO_ReadInputDataBit
                0x0800161c       0x38 Libraries/STM32F30x_StdPeriph_Driver/src/stm32f30x_gpio.o
                0x0800161c                GPIO_ReadInputDataBit
 .text.GPIO_ReadOutputDataBit
                0x08001654       0x38 Libraries/STM32F30x_StdPeriph_Driver/src/stm32f30x_gpio.o
                0x08001654                GPIO_ReadOutputDataBit
 .text.GPIO_SetBits
                0x0800168c       0x1c Libraries/STM32F30x_StdPeriph_Driver/src/stm32f30x_gpio.o
                0x0800168c                GPIO_SetBits
 .text.GPIO_ResetBits
                0x080016a8       0x1c Libraries/STM32F30x_StdPeriph_Driver/src/stm32f30x_gpio.o
                0x080016a8                GPIO_ResetBits
 .text.GPIO_WriteBit
                0x080016c4       0x30 Libraries/STM32F30x_StdPeriph_Driver/src/stm32f30x_gpio.o
                0x080016c4                GPIO_WriteBit
 .text.GPIO_PinAFConfig
                0x080016f4       0x90 Libraries/STM32F30x_StdPeriph_Driver/src/stm32f30x_gpio.o
                0x080016f4                GPIO_PinAFConfig
 .text.SPI_I2S_DeInit
                0x08001784       0x74 Libraries/STM32F30x_StdPeriph_Driver/src/stm32f30x_spi.o
                0x08001784                SPI_I2S_DeInit
 .text.SPI_Init
                0x080017f8      0x114 Libraries/STM32F30x_StdPeriph_Driver/src/stm32f30x_spi.o
                0x080017f8                SPI_Init
 .text.SPI_Cmd  0x0800190c       0x40 Libraries/STM32F30x_StdPeriph_Driver/src/stm32f30x_spi.o
                0x0800190c                SPI_Cmd
 .text.SPI_RxFIFOThresholdConfig
                0x0800194c       0x38 Libraries/STM32F30x_StdPeriph_Driver/src/stm32f30x_spi.o
                0x0800194c                SPI_RxFIFOThresholdConfig
 .text.SPI_SendData8
                0x08001984       0x2c Libraries/STM32F30x_StdPeriph_Driver/src/stm32f30x_spi.o
                0x08001984                SPI_SendData8
 .text.SPI_ReceiveData8
                0x080019b0       0x28 Libraries/STM32F30x_StdPeriph_Driver/src/stm32f30x_spi.o
                0x080019b0                SPI_ReceiveData8
 .text.SPI_CalculateCRC
                0x080019d8       0x40 Libraries/STM32F30x_StdPeriph_Driver/src/stm32f30x_spi.o
                0x080019d8                SPI_CalculateCRC
 .text.SPI_I2S_GetFlagStatus
                0x08001a18       0x38 Libraries/STM32F30x_StdPeriph_Driver/src/stm32f30x_spi.o
                0x08001a18                SPI_I2S_GetFlagStatus
 .text.TIM_TimeBaseInit
                0x08001a50       0xec Libraries/STM32F30x_StdPeriph_Driver/src/stm32f30x_tim.o
                0x08001a50                TIM_TimeBaseInit
 .text.TIM_SetCounter
                0x08001b3c       0x1c Libraries/STM32F30x_StdPeriph_Driver/src/stm32f30x_tim.o
                0x08001b3c                TIM_SetCounter
 .text.TIM_Cmd  0x08001b58       0x40 Libraries/STM32F30x_StdPeriph_Driver/src/stm32f30x_tim.o
                0x08001b58                TIM_Cmd
 .text.TIM_ITConfig
                0x08001b98       0x40 Libraries/STM32F30x_StdPeriph_Driver/src/stm32f30x_tim.o
                0x08001b98                TIM_ITConfig
 .text.TIM_GetITStatus
                0x08001bd8       0x54 Libraries/STM32F30x_StdPeriph_Driver/src/stm32f30x_tim.o
                0x08001bd8                TIM_GetITStatus
 .text.TIM_ClearITPendingBit
                0x08001c2c       0x24 Libraries/STM32F30x_StdPeriph_Driver/src/stm32f30x_tim.o
                0x08001c2c                TIM_ClearITPendingBit
 .text.NVIC_Init
                0x08001c50       0xc4 Libraries/STM32F30x_StdPeriph_Driver/src/stm32f30x_misc.o
                0x08001c50                NVIC_Init
 .text.SYSCFG_EXTILineConfig
                0x08001d14       0x84 Libraries/STM32F30x_StdPeriph_Driver/src/stm32f30x_syscfg.o
                0x08001d14                SYSCFG_EXTILineConfig
 .text.RCC_AHBPeriphClockCmd
                0x08001d98       0x3c Libraries/STM32F30x_StdPeriph_Driver/src/stm32f30x_rcc.o
                0x08001d98                RCC_AHBPeriphClockCmd
 .text.RCC_APB2PeriphClockCmd
                0x08001dd4       0x3c Libraries/STM32F30x_StdPeriph_Driver/src/stm32f30x_rcc.o
                0x08001dd4                RCC_APB2PeriphClockCmd
 .text.RCC_APB1PeriphClockCmd
                0x08001e10       0x3c Libraries/STM32F30x_StdPeriph_Driver/src/stm32f30x_rcc.o
                0x08001e10                RCC_APB1PeriphClockCmd
 .text.RCC_APB2PeriphResetCmd
                0x08001e4c       0x3c Libraries/STM32F30x_StdPeriph_Driver/src/stm32f30x_rcc.o
                0x08001e4c                RCC_APB2PeriphResetCmd
 .text.RCC_APB1PeriphResetCmd
                0x08001e88       0x3c Libraries/STM32F30x_StdPeriph_Driver/src/stm32f30x_rcc.o
                0x08001e88                RCC_APB1PeriphResetCmd
 .text.DAC_DeInit
                0x08001ec4       0x1c Libraries/STM32F30x_StdPeriph_Driver/src/stm32f30x_dac.o
                0x08001ec4                DAC_DeInit
 .text.DAC_Init
                0x08001ee0       0x64 Libraries/STM32F30x_StdPeriph_Driver/src/stm32f30x_dac.o
                0x08001ee0                DAC_Init
 .text.DAC_Cmd  0x08001f44       0x48 Libraries/STM32F30x_StdPeriph_Driver/src/stm32f30x_dac.o
                0x08001f44                DAC_Cmd
 .text.DAC_SetChannel1Data
                0x08001f8c       0x34 Libraries/STM32F30x_StdPeriph_Driver/src/stm32f30x_dac.o
                0x08001f8c                DAC_SetChannel1Data
 .text.EXTI_Init
                0x08001fc0      0x1f4 Libraries/STM32F30x_StdPeriph_Driver/src/stm32f30x_exti.o
                0x08001fc0                EXTI_Init
 .text.TIM_IRQHandler
                0x080021b4       0x98 src/timer.o
                0x080021b4                TIM_IRQHandler
 .text.TIM1_BRK_TIM15_IRQHandler
                0x0800224c        0xc src/timer.o
                0x0800224c                TIM1_BRK_TIM15_IRQHandler
 .text.TIM8_BRK_IRQHandler
                0x08002258        0xc src/timer.o
                0x08002258                TIM8_BRK_IRQHandler
 .text.TIM2_IRQHandler
                0x08002264        0xc src/timer.o
                0x08002264                TIM2_IRQHandler
 .text.TIM3_IRQHandler
                0x08002270        0xc src/timer.o
                0x08002270                TIM3_IRQHandler
 .text.TIM4_IRQHandler
                0x0800227c        0xc src/timer.o
                0x0800227c                TIM4_IRQHandler
 .text.TIM7_IRQHandler
                0x08002288        0xc src/timer.o
                0x08002288                TIM7_IRQHandler
 .text.TIM6_DAC_IRQHandler
                0x08002294        0xc src/timer.o
                0x08002294                TIM6_DAC_IRQHandler
 .text.TIM8_CC_IRQHandler
                0x080022a0        0xc src/timer.o
                0x080022a0                TIM8_CC_IRQHandler
 .text.TIM8_TRG_COM_IRQHandler
                0x080022ac        0xc src/timer.o
                0x080022ac                TIM8_TRG_COM_IRQHandler
 .text.TIM8_UP_IRQHandler
                0x080022b8        0xc src/timer.o
                0x080022b8                TIM8_UP_IRQHandler
 .text.TIM1_CC_IRQHandler
                0x080022c4        0xc src/timer.o
                0x080022c4                TIM1_CC_IRQHandler
 .text.TIM1_TRG_COM_TIM17_IRQHandler
                0x080022d0        0xc src/timer.o
                0x080022d0                TIM1_TRG_COM_TIM17_IRQHandler
 .text.TIM1_UP_TIM16_IRQHandler
                0x080022dc        0xc src/timer.o
                0x080022dc                TIM1_UP_TIM16_IRQHandler
 .text.startTimer
                0x080022e8       0x50 src/timer.o
                0x080022e8                startTimer
 .text.setTimerCustom
                0x08002338       0x4c src/timer.o
                0x08002338                setTimerCustom
 .text.stopTimer
                0x08002384       0x24 src/timer.o
                0x08002384                stopTimer
 .text.initTimers
                0x080023a8      0x134 src/timer.o
                0x080023a8                initTimers
 .text.callFuncInCustom
                0x080024dc       0x78 src/timer.o
                0x080024dc                callFuncInCustom
 .text.wait     0x08002554       0x2c src/timer.o
                0x08002554                wait
 .text.SystemInit
                0x08002580       0x88 src/system_stm32f30x.o
                0x08002580                SystemInit
 .text.SystemCoreClockUpdate
                0x08002608       0xd4 src/system_stm32f30x.o
                0x08002608                SystemCoreClockUpdate
 .text.SetSysClock
                0x080026dc      0x114 src/system_stm32f30x.o
 .text.get_fattime
                0x080027f0       0x10 src/fattime.o
                0x080027f0                get_fattime
 .text.loadSound
                0x08002800       0xc8 src/sound.o
                0x08002800                loadSound
 .text.sound_get
                0x080028c8       0xf4 src/sound.o
                0x080028c8                sound_get
 .text.audio    0x080029bc       0xc8 src/sound.o
                0x080029bc                audio
 .text.updateSound
                0x08002a84      0x278 src/sound.o
                0x08002a84                updateSound
 *fill*         0x08002cfc        0x4 
 .text.initSound
                0x08002d00      0x170 src/sound.o
                0x08002d00                initSound
 .text.move_window
                0x08002e70       0xbc src/ff.o
 .text.sync     0x08002f2c      0x168 src/ff.o
 .text.get_cluster
                0x08003094      0x1ac src/ff.o
 .text.put_cluster
                0x08003240      0x208 src/ff.o
 .text.remove_chain
                0x08003448       0x9c src/ff.o
 .text.create_chain
                0x080034e4      0x108 src/ff.o
 .text.clust2sect
                0x080035ec       0x40 src/ff.o
 .text.dir_seek
                0x0800362c       0xe4 src/ff.o
 .text.dir_next
                0x08003710      0x1a8 src/ff.o
 .text.dir_find
                0x080038b8       0xa0 src/ff.o
 .text.dir_register
                0x08003958       0xc0 src/ff.o
 .text.create_name
                0x08003a18      0x15c src/ff.o
 .text.get_fileinfo
                0x08003b74      0x160 src/ff.o
 .text.follow_path
                0x08003cd4      0x120 src/ff.o
 .text.check_fs
                0x08003df4       0xa8 src/ff.o
 .text.auto_mount
                0x08003e9c      0x508 src/ff.o
 .text.validate
                0x080043a4       0x4c src/ff.o
 .text.f_mount  0x080043f0       0x54 src/ff.o
                0x080043f0                f_mount
 .text.f_open   0x08004444      0x304 src/ff.o
                0x08004444                f_open
 .text.f_read   0x08004748      0x2a4 src/ff.o
                0x08004748                f_read
 .text.f_sync   0x080049ec      0x184 src/ff.o
                0x080049ec                f_sync
 .text.f_close  0x08004b70       0x28 src/ff.o
                0x08004b70                f_close
 .text.f_lseek  0x08004b98      0x2d8 src/ff.o
                0x08004b98                f_lseek
 .text.f_stat   0x08004e70       0x74 src/ff.o
                0x08004e70                f_stat
 .text.NVIC_SetPriority
                0x08004ee4       0x54 src/main.o
 .text.SysTick_Config
                0x08004f38       0x44 src/main.o
 .text.main     0x08004f7c      0x1e0 src/main.o
                0x08004f7c                main
 .text.IRQHander
                0x0800515c        0xc src/main.o
                0x0800515c                IRQHander
 .text.WWDG_IRQHandler
                0x08005168        0xc src/main.o
                0x08005168                WWDG_IRQHandler
 .text.PVD_IRQHandler
                0x08005174        0xc src/main.o
                0x08005174                PVD_IRQHandler
 .text.TAMPER_STAMP_IRQHandler
                0x08005180        0xc src/main.o
                0x08005180                TAMPER_STAMP_IRQHandler
 .text.RTC_WKUP_IRQHandler
                0x0800518c        0xc src/main.o
                0x0800518c                RTC_WKUP_IRQHandler
 .text.FLASH_IRQHandler
                0x08005198        0xc src/main.o
                0x08005198                FLASH_IRQHandler
 .text.RCC_IRQHandler
                0x080051a4        0xc src/main.o
                0x080051a4                RCC_IRQHandler
 .text.EXTI0_IRQHandler
                0x080051b0        0xc src/main.o
                0x080051b0                EXTI0_IRQHandler
 .text.EXTI1_IRQHandler
                0x080051bc        0xc src/main.o
                0x080051bc                EXTI1_IRQHandler
 .text.EXTI2_TS_IRQHandler
                0x080051c8        0xc src/main.o
                0x080051c8                EXTI2_TS_IRQHandler
 .text.EXTI3_IRQHandler
                0x080051d4        0xc src/main.o
                0x080051d4                EXTI3_IRQHandler
 .text.EXTI4_IRQHandler
                0x080051e0        0xc src/main.o
                0x080051e0                EXTI4_IRQHandler
 .text.DMA1_Channel1_IRQHandler
                0x080051ec        0xc src/main.o
                0x080051ec                DMA1_Channel1_IRQHandler
 .text.DMA1_Channel2_IRQHandler
                0x080051f8        0xc src/main.o
                0x080051f8                DMA1_Channel2_IRQHandler
 .text.DMA1_Channel3_IRQHandler
                0x08005204        0xc src/main.o
                0x08005204                DMA1_Channel3_IRQHandler
 .text.DMA1_Channel4_IRQHandler
                0x08005210        0xc src/main.o
                0x08005210                DMA1_Channel4_IRQHandler
 .text.DMA1_Channel5_IRQHandler
                0x0800521c        0xc src/main.o
                0x0800521c                DMA1_Channel5_IRQHandler
 .text.DMA1_Channel6_IRQHandler
                0x08005228        0xc src/main.o
                0x08005228                DMA1_Channel6_IRQHandler
 .text.DMA1_Channel7_IRQHandler
                0x08005234        0xc src/main.o
                0x08005234                DMA1_Channel7_IRQHandler
 .text.ADC1_2_IRQHandler
                0x08005240        0xc src/main.o
                0x08005240                ADC1_2_IRQHandler
 .text.USB_HP_CAN1_TX_IRQHandler
                0x0800524c        0xc src/main.o
                0x0800524c                USB_HP_CAN1_TX_IRQHandler
 .text.USB_LP_CAN1_RX0_IRQHandler
                0x08005258        0xc src/main.o
                0x08005258                USB_LP_CAN1_RX0_IRQHandler
 .text.CAN1_RX1_IRQHandler
                0x08005264        0xc src/main.o
                0x08005264                CAN1_RX1_IRQHandler
 .text.CAN1_SCE_IRQHandler
                0x08005270        0xc src/main.o
                0x08005270                CAN1_SCE_IRQHandler
 .text.EXTI9_5_IRQHandler
                0x0800527c        0xc src/main.o
                0x0800527c                EXTI9_5_IRQHandler
 .text.I2C1_EV_IRQHandler
                0x08005288        0xc src/main.o
                0x08005288                I2C1_EV_IRQHandler
 .text.I2C1_ER_IRQHandler
                0x08005294        0xc src/main.o
                0x08005294                I2C1_ER_IRQHandler
 .text.I2C2_EV_IRQHandler
                0x080052a0        0xc src/main.o
                0x080052a0                I2C2_EV_IRQHandler
 .text.I2C2_ER_IRQHandler
                0x080052ac        0xc src/main.o
                0x080052ac                I2C2_ER_IRQHandler
 .text.SPI1_IRQHandler
                0x080052b8        0xc src/main.o
                0x080052b8                SPI1_IRQHandler
 .text.SPI2_IRQHandler
                0x080052c4        0xc src/main.o
                0x080052c4                SPI2_IRQHandler
 .text.USART1_IRQHandler
                0x080052d0        0xc src/main.o
                0x080052d0                USART1_IRQHandler
 .text.USART2_IRQHandler
                0x080052dc        0xc src/main.o
                0x080052dc                USART2_IRQHandler
 .text.USART3_IRQHandler
                0x080052e8        0xc src/main.o
                0x080052e8                USART3_IRQHandler
 .text.EXTI15_10_IRQHandler
                0x080052f4        0xc src/main.o
                0x080052f4                EXTI15_10_IRQHandler
 .text.RTC_Alarm_IRQHandler
                0x08005300        0xc src/main.o
                0x08005300                RTC_Alarm_IRQHandler
 .text.USBWakeUp_IRQHandler
                0x0800530c        0xc src/main.o
                0x0800530c                USBWakeUp_IRQHandler
 .text.ADC3_IRQHandler
                0x08005318        0xc src/main.o
                0x08005318                ADC3_IRQHandler
 .text.SPI3_IRQHandler
                0x08005324        0xc src/main.o
                0x08005324                SPI3_IRQHandler
 .text.UART4_IRQHandler
                0x08005330        0xc src/main.o
                0x08005330                UART4_IRQHandler
 .text.UART5_IRQHandler
                0x0800533c        0xc src/main.o
                0x0800533c                UART5_IRQHandler
 .text.DMA2_Channel1_IRQHandler
                0x08005348        0xc src/main.o
                0x08005348                DMA2_Channel1_IRQHandler
 .text.DMA2_Channel2_IRQHandler
                0x08005354        0xc src/main.o
                0x08005354                DMA2_Channel2_IRQHandler
 .text.DMA2_Channel3_IRQHandler
                0x08005360        0xc src/main.o
                0x08005360                DMA2_Channel3_IRQHandler
 .text.DMA2_Channel4_IRQHandler
                0x0800536c        0xc src/main.o
                0x0800536c                DMA2_Channel4_IRQHandler
 .text.DMA2_Channel5_IRQHandler
                0x08005378        0xc src/main.o
                0x08005378                DMA2_Channel5_IRQHandler
 .text.ADC4_IRQHandler
                0x08005384        0xc src/main.o
                0x08005384                ADC4_IRQHandler
 .text.COMP1_2_3_IRQHandler
                0x08005390        0xc src/main.o
                0x08005390                COMP1_2_3_IRQHandler
 .text.COMP4_5_6_IRQHandler
                0x0800539c        0xc src/main.o
                0x0800539c                COMP4_5_6_IRQHandler
 .text.COMP7_IRQHandler
                0x080053a8        0xc src/main.o
                0x080053a8                COMP7_IRQHandler
 .text.USB_HP_IRQHandler
                0x080053b4        0xc src/main.o
                0x080053b4                USB_HP_IRQHandler
 .text.USB_LP_IRQHandler
                0x080053c0        0xc src/main.o
                0x080053c0                USB_LP_IRQHandler
 .text.USBWakeUp_RMP_IRQHandler
                0x080053cc        0xc src/main.o
                0x080053cc                USBWakeUp_RMP_IRQHandler
 .text.FPU_IRQHandler
                0x080053d8        0xc src/main.o
                0x080053d8                FPU_IRQHandler
 .text._sbrk    0x080053e4       0x70 src/newlib_stubs.o
                0x080053e4                _sbrk
 .text._write   0x08005454       0xa0 src/newlib_stubs.o
                0x08005454                _write
 .text.FCLK_SLOW
                0x080054f4       0x2c src/sd_spi_stm32.o
 .text.FCLK_FAST
                0x08005520       0x30 src/sd_spi_stm32.o
 .text.stm32_spi_rw
                0x08005550       0x38 src/sd_spi_stm32.o
 .text.rcvr_spi
                0x08005588       0x10 src/sd_spi_stm32.o
 .text.wait_ready
                0x08005598       0x44 src/sd_spi_stm32.o
 .text.release_spi
                0x080055dc       0x18 src/sd_spi_stm32.o
 .text.power_on
                0x080055f4      0x150 src/sd_spi_stm32.o
 .text.power_off
                0x08005744       0x70 src/sd_spi_stm32.o
 .text.chk_power
                0x080057b4       0x20 src/sd_spi_stm32.o
 .text.rcvr_datablock
                0x080057d4       0xa0 src/sd_spi_stm32.o
 .text.xmit_datablock
                0x08005874       0x80 src/sd_spi_stm32.o
 .text.send_cmd
                0x080058f4       0xe4 src/sd_spi_stm32.o
 .text.disk_initialize
                0x080059d8      0x1cc src/sd_spi_stm32.o
                0x080059d8                disk_initialize
 .text.disk_status
                0x08005ba4       0x2c src/sd_spi_stm32.o
                0x08005ba4                disk_status
 .text.disk_read
                0x08005bd0       0xd0 src/sd_spi_stm32.o
                0x08005bd0                disk_read
 .text.disk_write
                0x08005ca0       0xfc src/sd_spi_stm32.o
                0x08005ca0                disk_write
 .text.disk_ioctl
                0x08005d9c      0x38c src/sd_spi_stm32.o
                0x08005d9c                disk_ioctl
 .text.STM_EVAL_LEDInit
                0x08006128       0x5c src/stm32f3_discovery.o
                0x08006128                STM_EVAL_LEDInit
 .text.STM_EVAL_LEDOn
                0x08006184       0x30 src/stm32f3_discovery.o
                0x08006184                STM_EVAL_LEDOn
 .text.STM_EVAL_PBInit
                0x080061b4       0x94 src/stm32f3_discovery.o
                0x080061b4                STM_EVAL_PBInit
 .text.STM_EVAL_PBGetState
                0x08006248       0x2c src/stm32f3_discovery.o
                0x08006248                STM_EVAL_PBGetState
 .text.SysTick_Handler
                0x08006274       0x28 src/common.o
                0x08006274                SysTick_Handler
 .text.Reset_Handler
                0x0800629c       0x48 src/startup_stm32f30x.o
                0x0800629c                Reset_Handler
 .text.Default_Handler
                0x080062e4        0x2 src/startup_stm32f30x.o
                0x080062e4                DebugMon_Handler
                0x080062e4                HardFault_Handler
                0x080062e4                PendSV_Handler
                0x080062e4                NMI_Handler
                0x080062e4                UsageFault_Handler
                0x080062e4                Default_Handler
                0x080062e4                MemManage_Handler
                0x080062e4                SVC_Handler
                0x080062e4                BusFault_Handler
 *(.rodata)
 *fill*         0x080062e6        0x2 
 .rodata        0x080062e8       0x1c src/timer.o
 .rodata        0x08006304        0x8 src/sound.o
 .rodata        0x0800630c       0x44 src/ff.o
 .rodata        0x08006350       0x30 src/main.o
 .rodata        0x08006380       0x24 src/newlib_stubs.o
 *(.rodata*)
 .rodata.GPIO_PIN
                0x080063a4       0x10 src/stm32f3_discovery.o
                0x080063a4                GPIO_PIN
 .rodata.GPIO_CLK
                0x080063b4       0x20 src/stm32f3_discovery.o
                0x080063b4                GPIO_CLK
 .rodata.str1.4
                0x080063d4        0x4 d:/root/arm-eabi/bin/../lib/gcc/arm-eabi/4.9.2/../../../../arm-eabi/lib/thumb/fpu/cortex_m4\libc.a(lib_a-impure.o)
 *(.glue_7)
 .glue_7        0x00000000        0x0 linker stubs
 *(.glue_7t)
 .glue_7t       0x00000000        0x0 linker stubs
 *(.eh_frame)
 .eh_frame      0x080063d8        0x0 d:/root/arm-eabi/bin/../lib/gcc/arm-eabi/4.9.2/thumb/fpu/cortex_m4/crtbegin.o
 *(.init)
 .init          0x080063d8        0x4 d:/root/arm-eabi/bin/../lib/gcc/arm-eabi/4.9.2/thumb/fpu/cortex_m4/crti.o
                0x080063d8                _init
 .init          0x080063dc        0x8 d:/root/arm-eabi/bin/../lib/gcc/arm-eabi/4.9.2/thumb/fpu/cortex_m4/crtn.o
 *(.fini)
 .fini          0x080063e4        0x4 d:/root/arm-eabi/bin/../lib/gcc/arm-eabi/4.9.2/thumb/fpu/cortex_m4/crti.o
                0x080063e4                _fini
 .fini          0x080063e8        0x8 d:/root/arm-eabi/bin/../lib/gcc/arm-eabi/4.9.2/thumb/fpu/cortex_m4/crtn.o
                0x080063f0                . = ALIGN (0x4)
                0x080063f0                _etext = .

.vfp11_veneer   0x080063f0        0x0
 .vfp11_veneer  0x00000000        0x0 linker stubs

.v4_bx          0x080063f0        0x0
 .v4_bx         0x00000000        0x0 linker stubs

.iplt           0x080063f0        0x0
 .iplt          0x00000000        0x0 d:/root/arm-eabi/bin/../lib/gcc/arm-eabi/4.9.2/thumb/fpu/cortex_m4/crtbegin.o

.rel.dyn        0x080063f0        0x0
 .rel.iplt      0x00000000        0x0 d:/root/arm-eabi/bin/../lib/gcc/arm-eabi/4.9.2/thumb/fpu/cortex_m4/crtbegin.o

.ARM.extab
 *(.ARM.extab* .gnu.linkonce.armextab.*)

.ARM            0x080063f0        0x0
                0x080063f0                __exidx_start = .
 *(.ARM.exidx*)
                0x080063f0                __exidx_end = .

.preinit_array  0x080063f0        0x0
                0x080063f0                PROVIDE (__preinit_array_start, .)
 *(.preinit_array*)
                0x080063f0                PROVIDE (__preinit_array_end, .)

.init_array     0x080063f0        0x4
                0x080063f0                PROVIDE (__init_array_start, .)
 *(SORT(.init_array.*))
 *(.init_array*)
 .init_array    0x080063f0        0x4 d:/root/arm-eabi/bin/../lib/gcc/arm-eabi/4.9.2/thumb/fpu/cortex_m4/crtbegin.o
                0x080063f4                PROVIDE (__init_array_end, .)

.fini_array     0x080063f4        0x4
                0x080063f4                PROVIDE (__fini_array_start, .)
 *(SORT(.fini_array.*))
 *(.fini_array*)
 .fini_array    0x080063f4        0x4 d:/root/arm-eabi/bin/../lib/gcc/arm-eabi/4.9.2/thumb/fpu/cortex_m4/crtbegin.o
                0x080063f8                PROVIDE (__fini_array_end, .)
                0x080063f8                _sidata = LOADADDR (.data)

.data           0x20000000      0x8b4 load address 0x080063f8
                0x20000000                . = ALIGN (0x4)
                0x20000000                _sdata = .
 *(.data)
 .data          0x20000000      0x430 d:/root/arm-eabi/bin/../lib/gcc/arm-eabi/4.9.2/../../../../arm-eabi/lib/thumb/fpu/cortex_m4\libc.a(lib_a-impure.o)
                0x20000000                _impure_ptr
 .data          0x20000430      0x410 d:/root/arm-eabi/bin/../lib/gcc/arm-eabi/4.9.2/../../../../arm-eabi/lib/thumb/fpu/cortex_m4\libc.a(lib_a-mallocr.o)
                0x20000430                __malloc_av_
                0x20000838                __malloc_sbrk_base
                0x2000083c                __malloc_trim_threshold
 *(.data*)
 .data.timerIds
                0x20000840       0x28 src/timer.o
                0x20000840                timerIds
 .data.SystemCoreClock
                0x20000868        0x4 src/system_stm32f30x.o
                0x20000868                SystemCoreClock
 .data.AHBPrescTable
                0x2000086c       0x10 src/system_stm32f30x.o
                0x2000086c                AHBPrescTable
 .data.soundFiles
                0x2000087c       0x10 src/main.o
                0x2000087c                soundFiles
 .data.Stat     0x2000088c        0x1 src/sd_spi_stm32.o
 *fill*         0x2000088d        0x3 
 .data.GPIO_PORT
                0x20000890       0x20 src/stm32f3_discovery.o
                0x20000890                GPIO_PORT
 .data.BUTTON_PORT
                0x200008b0        0x4 src/stm32f3_discovery.o
                0x200008b0                BUTTON_PORT
                0x200008b4                . = ALIGN (0x4)
                0x200008b4                _edata = .
                0x08006cac                _siccmram = LOADADDR (.ccmram)

.jcr            0x200008b4        0x0 load address 0x08006cac
 .jcr           0x200008b4        0x0 d:/root/arm-eabi/bin/../lib/gcc/arm-eabi/4.9.2/thumb/fpu/cortex_m4/crtbegin.o

.tm_clone_table
                0x200008b4        0x0 load address 0x08006cac
 .tm_clone_table
                0x200008b4        0x0 d:/root/arm-eabi/bin/../lib/gcc/arm-eabi/4.9.2/thumb/fpu/cortex_m4/crtbegin.o
 .tm_clone_table
                0x200008b4        0x0 d:/root/arm-eabi/bin/../lib/gcc/arm-eabi/4.9.2/thumb/fpu/cortex_m4/crtend.o

.igot.plt       0x200008b4        0x0 load address 0x08006cac
 .igot.plt      0x00000000        0x0 d:/root/arm-eabi/bin/../lib/gcc/arm-eabi/4.9.2/thumb/fpu/cortex_m4/crtbegin.o

.ccmram         0x10000000        0x0 load address 0x08006cac
                0x10000000                . = ALIGN (0x4)
                0x10000000                _sccmram = .
 *(.ccmram)
 *(.ccmram*)
                0x10000000                . = ALIGN (0x4)
                0x10000000                _eccmram = .
                0x10000000                . = ALIGN (0x4)

.bss            0x200008b8      0x128
                0x200008b8                _sbss = .
                0x200008b8                __bss_start__ = _sbss
 *(.bss)
 .bss           0x200008b8       0x1c d:/root/arm-eabi/bin/../lib/gcc/arm-eabi/4.9.2/thumb/fpu/cortex_m4/crtbegin.o
 .bss           0x200008d4       0x34 d:/root/arm-eabi/bin/../lib/gcc/arm-eabi/4.9.2/../../../../arm-eabi/lib/thumb/fpu/cortex_m4\libc.a(lib_a-mallocr.o)
                0x200008d4                __malloc_top_pad
                0x200008d8                __malloc_current_mallinfo
                0x20000900                __malloc_max_sbrked_mem
                0x20000904                __malloc_max_total_mem
 *(.bss*)
 .bss.msTicks   0x20000908        0x4 src/timer.o
                0x20000908                msTicks
 .bss.msElapsed
                0x2000090c        0x4 src/timer.o
                0x2000090c                msElapsed
 .bss.t         0x20000910        0x8 src/sound.o
                0x20000910                t
 .bss.at        0x20000918        0x4 src/sound.o
                0x20000918                at
 .bss.paused    0x2000091c        0x1 src/sound.o
                0x2000091c                paused
 *fill*         0x2000091d        0x3 
 .bss.lastSoundLoadAttempt
                0x20000920        0x4 src/sound.o
                0x20000920                lastSoundLoadAttempt
 .bss.FatFs     0x20000924        0x4 src/ff.o
 .bss.Fsid      0x20000928        0x2 src/ff.o
 *fill*         0x2000092a        0x2 
 .bss.buttonState
                0x2000092c        0x4 src/main.o
                0x2000092c                buttonState
 .bss.heap_end.7671
                0x20000930        0x4 src/newlib_stubs.o
 .bss.Timer1    0x20000934        0x4 src/sd_spi_stm32.o
 .bss.Timer2    0x20000938        0x4 src/sd_spi_stm32.o
 .bss.CardType  0x2000093c        0x1 src/sd_spi_stm32.o
 .bss.LED_Dirty
                0x2000093d        0x1 src/io.o
                0x2000093d                LED_Dirty
 *(COMMON)
 *fill*         0x2000093e        0x2 
 COMMON         0x20000940       0x88 src/timer.o
                0x20000940                timerFuncs
                0x2000096c                active
                0x20000978                setting
                0x200009a0                timerData
 COMMON         0x200009c8       0x10 src/sound.o
                0x200009c8                sounds
                0x200009c8                old
 COMMON         0x200009d8        0x4 src/main.o
                0x200009d8                ii
 COMMON         0x200009dc        0x4 d:/root/arm-eabi/bin/../lib/gcc/arm-eabi/4.9.2/../../../../arm-eabi/lib/thumb/fpu/cortex_m4\libc.a(lib_a-reent.o)
                0x200009dc                errno
                0x200009e0                . = ALIGN (0x4)
                0x200009e0                _ebss = .
                0x200009e0                __bss_end__ = _ebss

._user_heap_stack
                0x200009e0      0x200
                0x200009e0                . = ALIGN (0x4)
                0x200009e0                PROVIDE (end, .)
                0x200009e0                PROVIDE (_end, .)
                0x200009e0                . = (. + _Min_Heap_Size)
                0x20000be0                . = (. + _Min_Stack_Size)
 *fill*         0x200009e0      0x200 
                0x20000be0                . = ALIGN (0x4)

.memory_b1_text
 *(.mb1text)
 *(.mb1text*)
 *(.mb1rodata)
 *(.mb1rodata*)

/DISCARD/
 libc.a(*)
 libm.a(*)
 libgcc.a(*)

.ARM.attributes
                0x00000000       0x35
 *(.ARM.attributes)
 .ARM.attributes
                0x00000000       0x23 d:/root/arm-eabi/bin/../lib/gcc/arm-eabi/4.9.2/thumb/fpu/cortex_m4/crti.o
 .ARM.attributes
                0x00000023       0x39 d:/root/arm-eabi/bin/../lib/gcc/arm-eabi/4.9.2/thumb/fpu/cortex_m4/crtbegin.o
 .ARM.attributes
                0x0000005c       0x39 Libraries/STM32F30x_StdPeriph_Driver/src/stm32f30x_gpio.o
 .ARM.attributes
                0x00000095       0x39 Libraries/STM32F30x_StdPeriph_Driver/src/stm32f30x_spi.o
 .ARM.attributes
                0x000000ce       0x39 Libraries/STM32F30x_StdPeriph_Driver/src/stm32f30x_tim.o
 .ARM.attributes
                0x00000107       0x39 Libraries/STM32F30x_StdPeriph_Driver/src/stm32f30x_misc.o
 .ARM.attributes
                0x00000140       0x39 Libraries/STM32F30x_StdPeriph_Driver/src/stm32f30x_syscfg.o
 .ARM.attributes
                0x00000179       0x39 Libraries/STM32F30x_StdPeriph_Driver/src/stm32f30x_rcc.o
 .ARM.attributes
                0x000001b2       0x39 Libraries/STM32F30x_StdPeriph_Driver/src/stm32f30x_dac.o
 .ARM.attributes
                0x000001eb       0x39 Libraries/STM32F30x_StdPeriph_Driver/src/stm32f30x_exti.o
 .ARM.attributes
                0x00000224       0x39 src/timer.o
 .ARM.attributes
                0x0000025d       0x39 src/system_stm32f30x.o
 .ARM.attributes
                0x00000296       0x39 src/fattime.o
 .ARM.attributes
                0x000002cf       0x39 src/sound.o
 .ARM.attributes
                0x00000308       0x39 src/ff.o
 .ARM.attributes
                0x00000341       0x39 src/main.o
 .ARM.attributes
                0x0000037a       0x39 src/newlib_stubs.o
 .ARM.attributes
                0x000003b3       0x39 src/sd_spi_stm32.o
 .ARM.attributes
                0x000003ec       0x39 src/stm32f3_discovery.o
 .ARM.attributes
                0x00000425       0x39 src/common.o
 .ARM.attributes
                0x0000045e       0x39 src/io.o
 .ARM.attributes
                0x00000497       0x21 src/startup_stm32f30x.o
 .ARM.attributes
                0x000004b8       0x39 d:/root/arm-eabi/bin/../lib/gcc/arm-eabi/4.9.2/../../../../arm-eabi/lib/thumb/fpu/cortex_m4\libc.a(lib_a-impure.o)
 .ARM.attributes
                0x000004f1       0x39 d:/root/arm-eabi/bin/../lib/gcc/arm-eabi/4.9.2/../../../../arm-eabi/lib/thumb/fpu/cortex_m4\libc.a(lib_a-init.o)
 .ARM.attributes
                0x0000052a       0x39 d:/root/arm-eabi/bin/../lib/gcc/arm-eabi/4.9.2/../../../../arm-eabi/lib/thumb/fpu/cortex_m4\libc.a(lib_a-malloc.o)
 .ARM.attributes
                0x00000563       0x39 d:/root/arm-eabi/bin/../lib/gcc/arm-eabi/4.9.2/../../../../arm-eabi/lib/thumb/fpu/cortex_m4\libc.a(lib_a-mallocr.o)
 .ARM.attributes
                0x0000059c       0x39 d:/root/arm-eabi/bin/../lib/gcc/arm-eabi/4.9.2/../../../../arm-eabi/lib/thumb/fpu/cortex_m4\libc.a(lib_a-memcmp.o)
 .ARM.attributes
                0x000005d5       0x21 d:/root/arm-eabi/bin/../lib/gcc/arm-eabi/4.9.2/../../../../arm-eabi/lib/thumb/fpu/cortex_m4\libc.a(lib_a-memcpy.o)
 .ARM.attributes
                0x000005f6       0x39 d:/root/arm-eabi/bin/../lib/gcc/arm-eabi/4.9.2/../../../../arm-eabi/lib/thumb/fpu/cortex_m4\libc.a(lib_a-memset.o)
 .ARM.attributes
                0x0000062f       0x39 d:/root/arm-eabi/bin/../lib/gcc/arm-eabi/4.9.2/../../../../arm-eabi/lib/thumb/fpu/cortex_m4\libc.a(lib_a-mlock.o)
 .ARM.attributes
                0x00000668       0x39 d:/root/arm-eabi/bin/../lib/gcc/arm-eabi/4.9.2/../../../../arm-eabi/lib/thumb/fpu/cortex_m4\libc.a(lib_a-reent.o)
 .ARM.attributes
                0x000006a1       0x39 d:/root/arm-eabi/bin/../lib/gcc/arm-eabi/4.9.2/../../../../arm-eabi/lib/thumb/fpu/cortex_m4\libc.a(lib_a-sbrkr.o)
 .ARM.attributes
                0x000006da       0x39 d:/root/arm-eabi/bin/../lib/gcc/arm-eabi/4.9.2/../../../../arm-eabi/lib/thumb/fpu/cortex_m4\libc.a(lib_a-strchr.o)
 .ARM.attributes
                0x00000713       0x39 d:/root/arm-eabi/bin/../lib/gcc/arm-eabi/4.9.2/../../../../arm-eabi/lib/thumb/fpu/cortex_m4\libc.a(lib_a-freer.o)
 .ARM.attributes
                0x0000074c       0x23 d:/root/arm-eabi/bin/../lib/gcc/arm-eabi/4.9.2/thumb/fpu/cortex_m4\libgcc.a(_arm_addsubdf3.o)
 .ARM.attributes
                0x0000076f       0x23 d:/root/arm-eabi/bin/../lib/gcc/arm-eabi/4.9.2/thumb/fpu/cortex_m4\libgcc.a(_arm_muldivdf3.o)
 .ARM.attributes
                0x00000792       0x23 d:/root/arm-eabi/bin/../lib/gcc/arm-eabi/4.9.2/thumb/fpu/cortex_m4\libgcc.a(_arm_fixunsdfsi.o)
 .ARM.attributes
                0x000007b5       0x39 d:/root/arm-eabi/bin/../lib/gcc/arm-eabi/4.9.2/thumb/fpu/cortex_m4/crtend.o
 .ARM.attributes
                0x000007ee       0x23 d:/root/arm-eabi/bin/../lib/gcc/arm-eabi/4.9.2/thumb/fpu/cortex_m4/crtn.o
OUTPUT(pinball.elf elf32-littlearm)

.comment        0x00000000       0x11
 .comment       0x00000000       0x11 d:/root/arm-eabi/bin/../lib/gcc/arm-eabi/4.9.2/thumb/fpu/cortex_m4/crtbegin.o
                                 0x12 (size before relaxing)
 .comment       0x00000000       0x12 Libraries/STM32F30x_StdPeriph_Driver/src/stm32f30x_gpio.o
 .comment       0x00000000       0x12 Libraries/STM32F30x_StdPeriph_Driver/src/stm32f30x_spi.o
 .comment       0x00000000       0x12 Libraries/STM32F30x_StdPeriph_Driver/src/stm32f30x_tim.o
 .comment       0x00000000       0x12 Libraries/STM32F30x_StdPeriph_Driver/src/stm32f30x_misc.o
 .comment       0x00000000       0x12 Libraries/STM32F30x_StdPeriph_Driver/src/stm32f30x_syscfg.o
 .comment       0x00000000       0x12 Libraries/STM32F30x_StdPeriph_Driver/src/stm32f30x_rcc.o
 .comment       0x00000000       0x12 Libraries/STM32F30x_StdPeriph_Driver/src/stm32f30x_dac.o
 .comment       0x00000000       0x12 Libraries/STM32F30x_StdPeriph_Driver/src/stm32f30x_exti.o
 .comment       0x00000000       0x12 src/timer.o
 .comment       0x00000000       0x12 src/system_stm32f30x.o
 .comment       0x00000000       0x12 src/fattime.o
 .comment       0x00000000       0x12 src/sound.o
 .comment       0x00000000       0x12 src/ff.o
 .comment       0x00000000       0x12 src/main.o
 .comment       0x00000000       0x12 src/newlib_stubs.o
 .comment       0x00000000       0x12 src/sd_spi_stm32.o
 .comment       0x00000000       0x12 src/stm32f3_discovery.o
 .comment       0x00000000       0x12 src/common.o
 .comment       0x00000000       0x12 src/io.o
 .comment       0x00000000       0x12 d:/root/arm-eabi/bin/../lib/gcc/arm-eabi/4.9.2/../../../../arm-eabi/lib/thumb/fpu/cortex_m4\libc.a(lib_a-impure.o)
 .comment       0x00000000       0x12 d:/root/arm-eabi/bin/../lib/gcc/arm-eabi/4.9.2/../../../../arm-eabi/lib/thumb/fpu/cortex_m4\libc.a(lib_a-init.o)
 .comment       0x00000000       0x12 d:/root/arm-eabi/bin/../lib/gcc/arm-eabi/4.9.2/../../../../arm-eabi/lib/thumb/fpu/cortex_m4\libc.a(lib_a-malloc.o)
 .comment       0x00000000       0x12 d:/root/arm-eabi/bin/../lib/gcc/arm-eabi/4.9.2/../../../../arm-eabi/lib/thumb/fpu/cortex_m4\libc.a(lib_a-mallocr.o)
 .comment       0x00000000       0x12 d:/root/arm-eabi/bin/../lib/gcc/arm-eabi/4.9.2/../../../../arm-eabi/lib/thumb/fpu/cortex_m4\libc.a(lib_a-memcmp.o)
 .comment       0x00000000       0x12 d:/root/arm-eabi/bin/../lib/gcc/arm-eabi/4.9.2/../../../../arm-eabi/lib/thumb/fpu/cortex_m4\libc.a(lib_a-memset.o)
 .comment       0x00000000       0x12 d:/root/arm-eabi/bin/../lib/gcc/arm-eabi/4.9.2/../../../../arm-eabi/lib/thumb/fpu/cortex_m4\libc.a(lib_a-mlock.o)
 .comment       0x00000000       0x12 d:/root/arm-eabi/bin/../lib/gcc/arm-eabi/4.9.2/../../../../arm-eabi/lib/thumb/fpu/cortex_m4\libc.a(lib_a-reent.o)
 .comment       0x00000000       0x12 d:/root/arm-eabi/bin/../lib/gcc/arm-eabi/4.9.2/../../../../arm-eabi/lib/thumb/fpu/cortex_m4\libc.a(lib_a-sbrkr.o)
 .comment       0x00000000       0x12 d:/root/arm-eabi/bin/../lib/gcc/arm-eabi/4.9.2/../../../../arm-eabi/lib/thumb/fpu/cortex_m4\libc.a(lib_a-strchr.o)
 .comment       0x00000000       0x12 d:/root/arm-eabi/bin/../lib/gcc/arm-eabi/4.9.2/../../../../arm-eabi/lib/thumb/fpu/cortex_m4\libc.a(lib_a-freer.o)
 .comment       0x00000000       0x12 d:/root/arm-eabi/bin/../lib/gcc/arm-eabi/4.9.2/thumb/fpu/cortex_m4/crtend.o

.debug_info     0x00000000    0x10f44
 .debug_info    0x00000000      0x5fe Libraries/STM32F30x_StdPeriph_Driver/src/stm32f30x_gpio.o
 .debug_info    0x000005fe      0xb73 Libraries/STM32F30x_StdPeriph_Driver/src/stm32f30x_spi.o
 .debug_info    0x00001171     0x2188 Libraries/STM32F30x_StdPeriph_Driver/src/stm32f30x_tim.o
 .debug_info    0x000032f9      0x541 Libraries/STM32F30x_StdPeriph_Driver/src/stm32f30x_misc.o
 .debug_info    0x0000383a      0x3c8 Libraries/STM32F30x_StdPeriph_Driver/src/stm32f30x_syscfg.o
 .debug_info    0x00003c02      0xab0 Libraries/STM32F30x_StdPeriph_Driver/src/stm32f30x_rcc.o
 .debug_info    0x000046b2      0x63e Libraries/STM32F30x_StdPeriph_Driver/src/stm32f30x_dac.o
 .debug_info    0x00004cf0      0x3b8 Libraries/STM32F30x_StdPeriph_Driver/src/stm32f30x_exti.o
 .debug_info    0x000050a8      0x9c2 src/timer.o
 .debug_info    0x00005a6a      0x49c src/system_stm32f30x.o
 .debug_info    0x00005f06       0xba src/fattime.o
 .debug_info    0x00005fc0      0xb57 src/sound.o
 .debug_info    0x00006b17     0x1677 src/ff.o
 .debug_info    0x0000818e     0x1105 src/main.o
 .debug_info    0x00009293      0x7db src/newlib_stubs.o
 .debug_info    0x00009a6e      0x9f6 src/sd_spi_stm32.o
 .debug_info    0x0000a464      0x857 src/stm32f3_discovery.o
 .debug_info    0x0000acbb      0x102 src/common.o
 .debug_info    0x0000adbd     0x1267 src/io.o
 .debug_info    0x0000c024       0x58 src/startup_stm32f30x.o
 .debug_info    0x0000c07c      0x894 d:/root/arm-eabi/bin/../lib/gcc/arm-eabi/4.9.2/../../../../arm-eabi/lib/thumb/fpu/cortex_m4\libc.a(lib_a-impure.o)
 .debug_info    0x0000c910      0x105 d:/root/arm-eabi/bin/../lib/gcc/arm-eabi/4.9.2/../../../../arm-eabi/lib/thumb/fpu/cortex_m4\libc.a(lib_a-init.o)
 .debug_info    0x0000ca15      0x915 d:/root/arm-eabi/bin/../lib/gcc/arm-eabi/4.9.2/../../../../arm-eabi/lib/thumb/fpu/cortex_m4\libc.a(lib_a-malloc.o)
 .debug_info    0x0000d32a      0xd8a d:/root/arm-eabi/bin/../lib/gcc/arm-eabi/4.9.2/../../../../arm-eabi/lib/thumb/fpu/cortex_m4\libc.a(lib_a-mallocr.o)
 .debug_info    0x0000e0b4      0x113 d:/root/arm-eabi/bin/../lib/gcc/arm-eabi/4.9.2/../../../../arm-eabi/lib/thumb/fpu/cortex_m4\libc.a(lib_a-memcmp.o)
 .debug_info    0x0000e1c7      0x103 d:/root/arm-eabi/bin/../lib/gcc/arm-eabi/4.9.2/../../../../arm-eabi/lib/thumb/fpu/cortex_m4\libc.a(lib_a-memcpy.o)
 .debug_info    0x0000e2ca      0x117 d:/root/arm-eabi/bin/../lib/gcc/arm-eabi/4.9.2/../../../../arm-eabi/lib/thumb/fpu/cortex_m4\libc.a(lib_a-memset.o)
 .debug_info    0x0000e3e1      0x8b4 d:/root/arm-eabi/bin/../lib/gcc/arm-eabi/4.9.2/../../../../arm-eabi/lib/thumb/fpu/cortex_m4\libc.a(lib_a-mlock.o)
 .debug_info    0x0000ec95      0x9fb d:/root/arm-eabi/bin/../lib/gcc/arm-eabi/4.9.2/../../../../arm-eabi/lib/thumb/fpu/cortex_m4\libc.a(lib_a-reent.o)
 .debug_info    0x0000f690      0x8f4 d:/root/arm-eabi/bin/../lib/gcc/arm-eabi/4.9.2/../../../../arm-eabi/lib/thumb/fpu/cortex_m4\libc.a(lib_a-sbrkr.o)
 .debug_info    0x0000ff84      0x116 d:/root/arm-eabi/bin/../lib/gcc/arm-eabi/4.9.2/../../../../arm-eabi/lib/thumb/fpu/cortex_m4\libc.a(lib_a-strchr.o)
 .debug_info    0x0001009a      0xc1c d:/root/arm-eabi/bin/../lib/gcc/arm-eabi/4.9.2/../../../../arm-eabi/lib/thumb/fpu/cortex_m4\libc.a(lib_a-freer.o)
 .debug_info    0x00010cb6       0xda d:/root/arm-eabi/bin/../lib/gcc/arm-eabi/4.9.2/thumb/fpu/cortex_m4\libgcc.a(_arm_addsubdf3.o)
 .debug_info    0x00010d90       0xda d:/root/arm-eabi/bin/../lib/gcc/arm-eabi/4.9.2/thumb/fpu/cortex_m4\libgcc.a(_arm_muldivdf3.o)
 .debug_info    0x00010e6a       0xda d:/root/arm-eabi/bin/../lib/gcc/arm-eabi/4.9.2/thumb/fpu/cortex_m4\libgcc.a(_arm_fixunsdfsi.o)

.debug_abbrev   0x00000000     0x316d
 .debug_abbrev  0x00000000      0x196 Libraries/STM32F30x_StdPeriph_Driver/src/stm32f30x_gpio.o
 .debug_abbrev  0x00000196      0x18b Libraries/STM32F30x_StdPeriph_Driver/src/stm32f30x_spi.o
 .debug_abbrev  0x00000321      0x189 Libraries/STM32F30x_StdPeriph_Driver/src/stm32f30x_tim.o
 .debug_abbrev  0x000004aa      0x147 Libraries/STM32F30x_StdPeriph_Driver/src/stm32f30x_misc.o
 .debug_abbrev  0x000005f1      0x183 Libraries/STM32F30x_StdPeriph_Driver/src/stm32f30x_syscfg.o
 .debug_abbrev  0x00000774      0x1e5 Libraries/STM32F30x_StdPeriph_Driver/src/stm32f30x_rcc.o
 .debug_abbrev  0x00000959      0x17e Libraries/STM32F30x_StdPeriph_Driver/src/stm32f30x_dac.o
 .debug_abbrev  0x00000ad7      0x17c Libraries/STM32F30x_StdPeriph_Driver/src/stm32f30x_exti.o
 .debug_abbrev  0x00000c53      0x203 src/timer.o
 .debug_abbrev  0x00000e56      0x147 src/system_stm32f30x.o
 .debug_abbrev  0x00000f9d       0x69 src/fattime.o
 .debug_abbrev  0x00001006      0x20c src/sound.o
 .debug_abbrev  0x00001212      0x238 src/ff.o
 .debug_abbrev  0x0000144a      0x26e src/main.o
 .debug_abbrev  0x000016b8      0x1fe src/newlib_stubs.o
 .debug_abbrev  0x000018b6      0x28d src/sd_spi_stm32.o
 .debug_abbrev  0x00001b43      0x185 src/stm32f3_discovery.o
 .debug_abbrev  0x00001cc8       0x89 src/common.o
 .debug_abbrev  0x00001d51      0x2ca src/io.o
 .debug_abbrev  0x0000201b       0x12 src/startup_stm32f30x.o
 .debug_abbrev  0x0000202d      0x180 d:/root/arm-eabi/bin/../lib/gcc/arm-eabi/4.9.2/../../../../arm-eabi/lib/thumb/fpu/cortex_m4\libc.a(lib_a-impure.o)
 .debug_abbrev  0x000021ad       0xba d:/root/arm-eabi/bin/../lib/gcc/arm-eabi/4.9.2/../../../../arm-eabi/lib/thumb/fpu/cortex_m4\libc.a(lib_a-init.o)
 .debug_abbrev  0x00002267      0x1fa d:/root/arm-eabi/bin/../lib/gcc/arm-eabi/4.9.2/../../../../arm-eabi/lib/thumb/fpu/cortex_m4\libc.a(lib_a-malloc.o)
 .debug_abbrev  0x00002461      0x2ad d:/root/arm-eabi/bin/../lib/gcc/arm-eabi/4.9.2/../../../../arm-eabi/lib/thumb/fpu/cortex_m4\libc.a(lib_a-mallocr.o)
 .debug_abbrev  0x0000270e       0x7f d:/root/arm-eabi/bin/../lib/gcc/arm-eabi/4.9.2/../../../../arm-eabi/lib/thumb/fpu/cortex_m4\libc.a(lib_a-memcmp.o)
 .debug_abbrev  0x0000278d       0x14 d:/root/arm-eabi/bin/../lib/gcc/arm-eabi/4.9.2/../../../../arm-eabi/lib/thumb/fpu/cortex_m4\libc.a(lib_a-memcpy.o)
 .debug_abbrev  0x000027a1       0x9f d:/root/arm-eabi/bin/../lib/gcc/arm-eabi/4.9.2/../../../../arm-eabi/lib/thumb/fpu/cortex_m4\libc.a(lib_a-memset.o)
 .debug_abbrev  0x00002840      0x19a d:/root/arm-eabi/bin/../lib/gcc/arm-eabi/4.9.2/../../../../arm-eabi/lib/thumb/fpu/cortex_m4\libc.a(lib_a-mlock.o)
 .debug_abbrev  0x000029da      0x25c d:/root/arm-eabi/bin/../lib/gcc/arm-eabi/4.9.2/../../../../arm-eabi/lib/thumb/fpu/cortex_m4\libc.a(lib_a-reent.o)
 .debug_abbrev  0x00002c36      0x1fd d:/root/arm-eabi/bin/../lib/gcc/arm-eabi/4.9.2/../../../../arm-eabi/lib/thumb/fpu/cortex_m4\libc.a(lib_a-sbrkr.o)
 .debug_abbrev  0x00002e33       0x83 d:/root/arm-eabi/bin/../lib/gcc/arm-eabi/4.9.2/../../../../arm-eabi/lib/thumb/fpu/cortex_m4\libc.a(lib_a-strchr.o)
 .debug_abbrev  0x00002eb6      0x27b d:/root/arm-eabi/bin/../lib/gcc/arm-eabi/4.9.2/../../../../arm-eabi/lib/thumb/fpu/cortex_m4\libc.a(lib_a-freer.o)
 .debug_abbrev  0x00003131       0x14 d:/root/arm-eabi/bin/../lib/gcc/arm-eabi/4.9.2/thumb/fpu/cortex_m4\libgcc.a(_arm_addsubdf3.o)
 .debug_abbrev  0x00003145       0x14 d:/root/arm-eabi/bin/../lib/gcc/arm-eabi/4.9.2/thumb/fpu/cortex_m4\libgcc.a(_arm_muldivdf3.o)
 .debug_abbrev  0x00003159       0x14 d:/root/arm-eabi/bin/../lib/gcc/arm-eabi/4.9.2/thumb/fpu/cortex_m4\libgcc.a(_arm_fixunsdfsi.o)

.debug_aranges  0x00000000     0x1188
 .debug_aranges
                0x00000000       0x80 Libraries/STM32F30x_StdPeriph_Driver/src/stm32f30x_gpio.o
 .debug_aranges
                0x00000080      0x118 Libraries/STM32F30x_StdPeriph_Driver/src/stm32f30x_spi.o
 .debug_aranges
                0x00000198      0x3a8 Libraries/STM32F30x_StdPeriph_Driver/src/stm32f30x_tim.o
 .debug_aranges
                0x00000540       0x40 Libraries/STM32F30x_StdPeriph_Driver/src/stm32f30x_misc.o
 .debug_aranges
                0x00000580       0x88 Libraries/STM32F30x_StdPeriph_Driver/src/stm32f30x_syscfg.o
 .debug_aranges
                0x00000608      0x150 Libraries/STM32F30x_StdPeriph_Driver/src/stm32f30x_rcc.o
 .debug_aranges
                0x00000758       0xa0 Libraries/STM32F30x_StdPeriph_Driver/src/stm32f30x_dac.o
 .debug_aranges
                0x000007f8       0x58 Libraries/STM32F30x_StdPeriph_Driver/src/stm32f30x_exti.o
 .debug_aranges
                0x00000850       0xd8 src/timer.o
 .debug_aranges
                0x00000928       0x30 src/system_stm32f30x.o
 .debug_aranges
                0x00000958       0x20 src/fattime.o
 .debug_aranges
                0x00000978       0x40 src/sound.o
 .debug_aranges
                0x000009b8      0x140 src/ff.o
 .debug_aranges
                0x00000af8      0x200 src/main.o
 .debug_aranges
                0x00000cf8       0xa0 src/newlib_stubs.o
 .debug_aranges
                0x00000d98       0xa8 src/sd_spi_stm32.o
 .debug_aranges
                0x00000e40       0x48 src/stm32f3_discovery.o
 .debug_aranges
                0x00000e88       0x20 src/common.o
 .debug_aranges
                0x00000ea8       0xe0 src/io.o
 .debug_aranges
                0x00000f88       0x28 src/startup_stm32f30x.o
 .debug_aranges
                0x00000fb0       0x18 d:/root/arm-eabi/bin/../lib/gcc/arm-eabi/4.9.2/../../../../arm-eabi/lib/thumb/fpu/cortex_m4\libc.a(lib_a-impure.o)
 .debug_aranges
                0x00000fc8       0x20 d:/root/arm-eabi/bin/../lib/gcc/arm-eabi/4.9.2/../../../../arm-eabi/lib/thumb/fpu/cortex_m4\libc.a(lib_a-init.o)
 .debug_aranges
                0x00000fe8       0x20 d:/root/arm-eabi/bin/../lib/gcc/arm-eabi/4.9.2/../../../../arm-eabi/lib/thumb/fpu/cortex_m4\libc.a(lib_a-malloc.o)
 .debug_aranges
                0x00001008       0x20 d:/root/arm-eabi/bin/../lib/gcc/arm-eabi/4.9.2/../../../../arm-eabi/lib/thumb/fpu/cortex_m4\libc.a(lib_a-mallocr.o)
 .debug_aranges
                0x00001028       0x20 d:/root/arm-eabi/bin/../lib/gcc/arm-eabi/4.9.2/../../../../arm-eabi/lib/thumb/fpu/cortex_m4\libc.a(lib_a-memcmp.o)
 .debug_aranges
                0x00001048       0x20 d:/root/arm-eabi/bin/../lib/gcc/arm-eabi/4.9.2/../../../../arm-eabi/lib/thumb/fpu/cortex_m4\libc.a(lib_a-memcpy.o)
 .debug_aranges
                0x00001068       0x20 d:/root/arm-eabi/bin/../lib/gcc/arm-eabi/4.9.2/../../../../arm-eabi/lib/thumb/fpu/cortex_m4\libc.a(lib_a-memset.o)
 .debug_aranges
                0x00001088       0x20 d:/root/arm-eabi/bin/../lib/gcc/arm-eabi/4.9.2/../../../../arm-eabi/lib/thumb/fpu/cortex_m4\libc.a(lib_a-mlock.o)
 .debug_aranges
                0x000010a8       0x20 d:/root/arm-eabi/bin/../lib/gcc/arm-eabi/4.9.2/../../../../arm-eabi/lib/thumb/fpu/cortex_m4\libc.a(lib_a-reent.o)
 .debug_aranges
                0x000010c8       0x20 d:/root/arm-eabi/bin/../lib/gcc/arm-eabi/4.9.2/../../../../arm-eabi/lib/thumb/fpu/cortex_m4\libc.a(lib_a-sbrkr.o)
 .debug_aranges
                0x000010e8       0x20 d:/root/arm-eabi/bin/../lib/gcc/arm-eabi/4.9.2/../../../../arm-eabi/lib/thumb/fpu/cortex_m4\libc.a(lib_a-strchr.o)
 .debug_aranges
                0x00001108       0x20 d:/root/arm-eabi/bin/../lib/gcc/arm-eabi/4.9.2/../../../../arm-eabi/lib/thumb/fpu/cortex_m4\libc.a(lib_a-freer.o)
 .debug_aranges
                0x00001128       0x20 d:/root/arm-eabi/bin/../lib/gcc/arm-eabi/4.9.2/thumb/fpu/cortex_m4\libgcc.a(_arm_addsubdf3.o)
 .debug_aranges
                0x00001148       0x20 d:/root/arm-eabi/bin/../lib/gcc/arm-eabi/4.9.2/thumb/fpu/cortex_m4\libgcc.a(_arm_muldivdf3.o)
 .debug_aranges
                0x00001168       0x20 d:/root/arm-eabi/bin/../lib/gcc/arm-eabi/4.9.2/thumb/fpu/cortex_m4\libgcc.a(_arm_fixunsdfsi.o)

.debug_ranges   0x00000000      0xeb0
 .debug_ranges  0x00000000       0x70 Libraries/STM32F30x_StdPeriph_Driver/src/stm32f30x_gpio.o
 .debug_ranges  0x00000070      0x108 Libraries/STM32F30x_StdPeriph_Driver/src/stm32f30x_spi.o
 .debug_ranges  0x00000178      0x398 Libraries/STM32F30x_StdPeriph_Driver/src/stm32f30x_tim.o
 .debug_ranges  0x00000510       0x30 Libraries/STM32F30x_StdPeriph_Driver/src/stm32f30x_misc.o
 .debug_ranges  0x00000540       0x78 Libraries/STM32F30x_StdPeriph_Driver/src/stm32f30x_syscfg.o
 .debug_ranges  0x000005b8      0x140 Libraries/STM32F30x_StdPeriph_Driver/src/stm32f30x_rcc.o
 .debug_ranges  0x000006f8       0x90 Libraries/STM32F30x_StdPeriph_Driver/src/stm32f30x_dac.o
 .debug_ranges  0x00000788       0x48 Libraries/STM32F30x_StdPeriph_Driver/src/stm32f30x_exti.o
 .debug_ranges  0x000007d0       0xc8 src/timer.o
 .debug_ranges  0x00000898       0x20 src/system_stm32f30x.o
 .debug_ranges  0x000008b8       0x10 src/fattime.o
 .debug_ranges  0x000008c8       0x30 src/sound.o
 .debug_ranges  0x000008f8      0x130 src/ff.o
 .debug_ranges  0x00000a28      0x1f0 src/main.o
 .debug_ranges  0x00000c18       0x90 src/newlib_stubs.o
 .debug_ranges  0x00000ca8       0x98 src/sd_spi_stm32.o
 .debug_ranges  0x00000d40       0x38 src/stm32f3_discovery.o
 .debug_ranges  0x00000d78       0x10 src/common.o
 .debug_ranges  0x00000d88       0xd0 src/io.o
 .debug_ranges  0x00000e58       0x20 src/startup_stm32f30x.o
 .debug_ranges  0x00000e78       0x38 d:/root/arm-eabi/bin/../lib/gcc/arm-eabi/4.9.2/../../../../arm-eabi/lib/thumb/fpu/cortex_m4\libc.a(lib_a-mallocr.o)

.debug_line     0x00000000     0x64e1
 .debug_line    0x00000000      0x2a7 Libraries/STM32F30x_StdPeriph_Driver/src/stm32f30x_gpio.o
 .debug_line    0x000002a7      0x477 Libraries/STM32F30x_StdPeriph_Driver/src/stm32f30x_spi.o
 .debug_line    0x0000071e      0xbdb Libraries/STM32F30x_StdPeriph_Driver/src/stm32f30x_tim.o
 .debug_line    0x000012f9      0x1d8 Libraries/STM32F30x_StdPeriph_Driver/src/stm32f30x_misc.o
 .debug_line    0x000014d1      0x24c Libraries/STM32F30x_StdPeriph_Driver/src/stm32f30x_syscfg.o
 .debug_line    0x0000171d      0x515 Libraries/STM32F30x_StdPeriph_Driver/src/stm32f30x_rcc.o
 .debug_line    0x00001c32      0x2d7 Libraries/STM32F30x_StdPeriph_Driver/src/stm32f30x_dac.o
 .debug_line    0x00001f09      0x232 Libraries/STM32F30x_StdPeriph_Driver/src/stm32f30x_exti.o
 .debug_line    0x0000213b      0x3bd src/timer.o
 .debug_line    0x000024f8      0x197 src/system_stm32f30x.o
 .debug_line    0x0000268f       0xe4 src/fattime.o
 .debug_line    0x00002773      0x2de src/sound.o
 .debug_line    0x00002a51      0xd25 src/ff.o
 .debug_line    0x00003776      0x6af src/main.o
 .debug_line    0x00003e25      0x33c src/newlib_stubs.o
 .debug_line    0x00004161      0x550 src/sd_spi_stm32.o
 .debug_line    0x000046b1      0x20d src/stm32f3_discovery.o
 .debug_line    0x000048be       0xd9 src/common.o
 .debug_line    0x00004997      0x650 src/io.o
 .debug_line    0x00004fe7       0x74 src/startup_stm32f30x.o
 .debug_line    0x0000505b       0xe8 d:/root/arm-eabi/bin/../lib/gcc/arm-eabi/4.9.2/../../../../arm-eabi/lib/thumb/fpu/cortex_m4\libc.a(lib_a-impure.o)
 .debug_line    0x00005143       0xc9 d:/root/arm-eabi/bin/../lib/gcc/arm-eabi/4.9.2/../../../../arm-eabi/lib/thumb/fpu/cortex_m4\libc.a(lib_a-init.o)
 .debug_line    0x0000520c      0x139 d:/root/arm-eabi/bin/../lib/gcc/arm-eabi/4.9.2/../../../../arm-eabi/lib/thumb/fpu/cortex_m4\libc.a(lib_a-malloc.o)
 .debug_line    0x00005345      0x364 d:/root/arm-eabi/bin/../lib/gcc/arm-eabi/4.9.2/../../../../arm-eabi/lib/thumb/fpu/cortex_m4\libc.a(lib_a-mallocr.o)
 .debug_line    0x000056a9      0x105 d:/root/arm-eabi/bin/../lib/gcc/arm-eabi/4.9.2/../../../../arm-eabi/lib/thumb/fpu/cortex_m4\libc.a(lib_a-memcmp.o)
 .debug_line    0x000057ae       0xcb d:/root/arm-eabi/bin/../lib/gcc/arm-eabi/4.9.2/../../../../arm-eabi/lib/thumb/fpu/cortex_m4\libc.a(lib_a-memcpy.o)
 .debug_line    0x00005879      0x110 d:/root/arm-eabi/bin/../lib/gcc/arm-eabi/4.9.2/../../../../arm-eabi/lib/thumb/fpu/cortex_m4\libc.a(lib_a-memset.o)
 .debug_line    0x00005989       0xfa d:/root/arm-eabi/bin/../lib/gcc/arm-eabi/4.9.2/../../../../arm-eabi/lib/thumb/fpu/cortex_m4\libc.a(lib_a-mlock.o)
 .debug_line    0x00005a83      0x166 d:/root/arm-eabi/bin/../lib/gcc/arm-eabi/4.9.2/../../../../arm-eabi/lib/thumb/fpu/cortex_m4\libc.a(lib_a-reent.o)
 .debug_line    0x00005be9      0x13b d:/root/arm-eabi/bin/../lib/gcc/arm-eabi/4.9.2/../../../../arm-eabi/lib/thumb/fpu/cortex_m4\libc.a(lib_a-sbrkr.o)
 .debug_line    0x00005d24       0xdd d:/root/arm-eabi/bin/../lib/gcc/arm-eabi/4.9.2/../../../../arm-eabi/lib/thumb/fpu/cortex_m4\libc.a(lib_a-strchr.o)
 .debug_line    0x00005e01      0x23c d:/root/arm-eabi/bin/../lib/gcc/arm-eabi/4.9.2/../../../../arm-eabi/lib/thumb/fpu/cortex_m4\libc.a(lib_a-freer.o)
 .debug_line    0x0000603d      0x202 d:/root/arm-eabi/bin/../lib/gcc/arm-eabi/4.9.2/thumb/fpu/cortex_m4\libgcc.a(_arm_addsubdf3.o)
 .debug_line    0x0000623f      0x223 d:/root/arm-eabi/bin/../lib/gcc/arm-eabi/4.9.2/thumb/fpu/cortex_m4\libgcc.a(_arm_muldivdf3.o)
 .debug_line    0x00006462       0x7f d:/root/arm-eabi/bin/../lib/gcc/arm-eabi/4.9.2/thumb/fpu/cortex_m4\libgcc.a(_arm_fixunsdfsi.o)

.debug_str      0x00000000     0x4d95
 .debug_str     0x00000000      0x454 Libraries/STM32F30x_StdPeriph_Driver/src/stm32f30x_gpio.o
                                0x4bf (size before relaxing)
 .debug_str     0x00000454      0x5ff Libraries/STM32F30x_StdPeriph_Driver/src/stm32f30x_spi.o
                                0x7ee (size before relaxing)
 .debug_str     0x00000a53      0xd54 Libraries/STM32F30x_StdPeriph_Driver/src/stm32f30x_tim.o
                                0xf9e (size before relaxing)
 .debug_str     0x000017a7      0x220 Libraries/STM32F30x_StdPeriph_Driver/src/stm32f30x_misc.o
                                0x3f5 (size before relaxing)
 .debug_str     0x000019c7      0x265 Libraries/STM32F30x_StdPeriph_Driver/src/stm32f30x_syscfg.o
                                0x423 (size before relaxing)
 .debug_str     0x00001c2c      0x4da Libraries/STM32F30x_StdPeriph_Driver/src/stm32f30x_rcc.o
                                0x81b (size before relaxing)
 .debug_str     0x00002106      0x27e Libraries/STM32F30x_StdPeriph_Driver/src/stm32f30x_dac.o
                                0x470 (size before relaxing)
 .debug_str     0x00002384      0x1da Libraries/STM32F30x_StdPeriph_Driver/src/stm32f30x_exti.o
                                0x3a7 (size before relaxing)
 .debug_str     0x0000255e      0x660 src/timer.o
                                0x997 (size before relaxing)
 .debug_str     0x00002bbe       0x78 src/system_stm32f30x.o
                                0x30a (size before relaxing)
 .debug_str     0x00002c36       0x20 src/fattime.o
                                0x175 (size before relaxing)
 .debug_str     0x00002c56      0x352 src/sound.o
                                0x76c (size before relaxing)
 .debug_str     0x00002fa8      0x2e4 src/ff.o
                                0x654 (size before relaxing)
 .debug_str     0x0000328c      0x5d0 src/main.o
                                0xf55 (size before relaxing)
 .debug_str     0x0000385c      0x1c9 src/newlib_stubs.o
                                0x3f0 (size before relaxing)
 .debug_str     0x00003a25      0x133 src/sd_spi_stm32.o
                                0x5f3 (size before relaxing)
 .debug_str     0x00003b58      0x153 src/stm32f3_discovery.o
                                0xa7d (size before relaxing)
 .debug_str     0x00003cab       0x29 src/common.o
                                0x1b6 (size before relaxing)
 .debug_str     0x00003cd4      0x528 src/io.o
                                0xa7c (size before relaxing)
 .debug_str     0x000041fc      0x4ad d:/root/arm-eabi/bin/../lib/gcc/arm-eabi/4.9.2/../../../../arm-eabi/lib/thumb/fpu/cortex_m4\libc.a(lib_a-impure.o)
                                0x5ac (size before relaxing)
 .debug_str     0x000046a9      0x130 d:/root/arm-eabi/bin/../lib/gcc/arm-eabi/4.9.2/../../../../arm-eabi/lib/thumb/fpu/cortex_m4\libc.a(lib_a-init.o)
                                0x23a (size before relaxing)
 .debug_str     0x000047d9       0xe7 d:/root/arm-eabi/bin/../lib/gcc/arm-eabi/4.9.2/../../../../arm-eabi/lib/thumb/fpu/cortex_m4\libc.a(lib_a-malloc.o)
                                0x5c0 (size before relaxing)
 .debug_str     0x000048c0      0x22e d:/root/arm-eabi/bin/../lib/gcc/arm-eabi/4.9.2/../../../../arm-eabi/lib/thumb/fpu/cortex_m4\libc.a(lib_a-mallocr.o)
                                0x7bb (size before relaxing)
 .debug_str     0x00004aee       0xd0 d:/root/arm-eabi/bin/../lib/gcc/arm-eabi/4.9.2/../../../../arm-eabi/lib/thumb/fpu/cortex_m4\libc.a(lib_a-memcmp.o)
                                0x1db (size before relaxing)
 .debug_str     0x00004bbe       0x5c d:/root/arm-eabi/bin/../lib/gcc/arm-eabi/4.9.2/../../../../arm-eabi/lib/thumb/fpu/cortex_m4\libc.a(lib_a-memset.o)
                                0x1ef (size before relaxing)
 .debug_str     0x00004c1a       0x55 d:/root/arm-eabi/bin/../lib/gcc/arm-eabi/4.9.2/../../../../arm-eabi/lib/thumb/fpu/cortex_m4\libc.a(lib_a-mlock.o)
                                0x5b5 (size before relaxing)
 .debug_str     0x00004c6f       0x6b d:/root/arm-eabi/bin/../lib/gcc/arm-eabi/4.9.2/../../../../arm-eabi/lib/thumb/fpu/cortex_m4\libc.a(lib_a-reent.o)
                                0x5cb (size before relaxing)
 .debug_str     0x00004cda       0x3f d:/root/arm-eabi/bin/../lib/gcc/arm-eabi/4.9.2/../../../../arm-eabi/lib/thumb/fpu/cortex_m4\libc.a(lib_a-sbrkr.o)
                                0x5a3 (size before relaxing)
 .debug_str     0x00004d19       0x48 d:/root/arm-eabi/bin/../lib/gcc/arm-eabi/4.9.2/../../../../arm-eabi/lib/thumb/fpu/cortex_m4\libc.a(lib_a-strchr.o)
                                0x1e6 (size before relaxing)
 .debug_str     0x00004d61       0x34 d:/root/arm-eabi/bin/../lib/gcc/arm-eabi/4.9.2/../../../../arm-eabi/lib/thumb/fpu/cortex_m4\libc.a(lib_a-freer.o)
                                0x705 (size before relaxing)

.debug_frame    0x00000000     0x43a8
 .debug_frame   0x00000000      0x214 Libraries/STM32F30x_StdPeriph_Driver/src/stm32f30x_gpio.o
 .debug_frame   0x00000214      0x508 Libraries/STM32F30x_StdPeriph_Driver/src/stm32f30x_spi.o
 .debug_frame   0x0000071c     0x11c4 Libraries/STM32F30x_StdPeriph_Driver/src/stm32f30x_tim.o
 .debug_frame   0x000018e0       0xd8 Libraries/STM32F30x_StdPeriph_Driver/src/stm32f30x_misc.o
 .debug_frame   0x000019b8      0x230 Libraries/STM32F30x_StdPeriph_Driver/src/stm32f30x_syscfg.o
 .debug_frame   0x00001be8      0x60c Libraries/STM32F30x_StdPeriph_Driver/src/stm32f30x_rcc.o
 .debug_frame   0x000021f4      0x2ac Libraries/STM32F30x_StdPeriph_Driver/src/stm32f30x_dac.o
 .debug_frame   0x000024a0      0x148 Libraries/STM32F30x_StdPeriph_Driver/src/stm32f30x_exti.o
 .debug_frame   0x000025e8      0x314 src/timer.o
 .debug_frame   0x000028fc       0x7c src/system_stm32f30x.o
 .debug_frame   0x00002978       0x30 src/fattime.o
 .debug_frame   0x000029a8       0xc8 src/sound.o
 .debug_frame   0x00002a70      0x57c src/ff.o
 .debug_frame   0x00002fec      0x700 src/main.o
 .debug_frame   0x000036ec      0x2a0 src/newlib_stubs.o
 .debug_frame   0x0000398c      0x29c src/sd_spi_stm32.o
 .debug_frame   0x00003c28       0xf4 src/stm32f3_discovery.o
 .debug_frame   0x00003d1c       0x30 src/common.o
 .debug_frame   0x00003d4c      0x3c8 src/io.o
 .debug_frame   0x00004114       0x2c d:/root/arm-eabi/bin/../lib/gcc/arm-eabi/4.9.2/../../../../arm-eabi/lib/thumb/fpu/cortex_m4\libc.a(lib_a-init.o)
 .debug_frame   0x00004140       0x30 d:/root/arm-eabi/bin/../lib/gcc/arm-eabi/4.9.2/../../../../arm-eabi/lib/thumb/fpu/cortex_m4\libc.a(lib_a-malloc.o)
 .debug_frame   0x00004170       0x58 d:/root/arm-eabi/bin/../lib/gcc/arm-eabi/4.9.2/../../../../arm-eabi/lib/thumb/fpu/cortex_m4\libc.a(lib_a-mallocr.o)
 .debug_frame   0x000041c8       0x38 d:/root/arm-eabi/bin/../lib/gcc/arm-eabi/4.9.2/../../../../arm-eabi/lib/thumb/fpu/cortex_m4\libc.a(lib_a-memcmp.o)
 .debug_frame   0x00004200       0x34 d:/root/arm-eabi/bin/../lib/gcc/arm-eabi/4.9.2/../../../../arm-eabi/lib/thumb/fpu/cortex_m4\libc.a(lib_a-memset.o)
 .debug_frame   0x00004234       0x30 d:/root/arm-eabi/bin/../lib/gcc/arm-eabi/4.9.2/../../../../arm-eabi/lib/thumb/fpu/cortex_m4\libc.a(lib_a-mlock.o)
 .debug_frame   0x00004264       0x58 d:/root/arm-eabi/bin/../lib/gcc/arm-eabi/4.9.2/../../../../arm-eabi/lib/thumb/fpu/cortex_m4\libc.a(lib_a-reent.o)
 .debug_frame   0x000042bc       0x2c d:/root/arm-eabi/bin/../lib/gcc/arm-eabi/4.9.2/../../../../arm-eabi/lib/thumb/fpu/cortex_m4\libc.a(lib_a-sbrkr.o)
 .debug_frame   0x000042e8       0x4c d:/root/arm-eabi/bin/../lib/gcc/arm-eabi/4.9.2/../../../../arm-eabi/lib/thumb/fpu/cortex_m4\libc.a(lib_a-strchr.o)
 .debug_frame   0x00004334       0x74 d:/root/arm-eabi/bin/../lib/gcc/arm-eabi/4.9.2/../../../../arm-eabi/lib/thumb/fpu/cortex_m4\libc.a(lib_a-freer.o)

.debug_loc      0x00000000     0x195f
 .debug_loc     0x00000000       0xae d:/root/arm-eabi/bin/../lib/gcc/arm-eabi/4.9.2/../../../../arm-eabi/lib/thumb/fpu/cortex_m4\libc.a(lib_a-init.o)
 .debug_loc     0x000000ae       0x58 d:/root/arm-eabi/bin/../lib/gcc/arm-eabi/4.9.2/../../../../arm-eabi/lib/thumb/fpu/cortex_m4\libc.a(lib_a-malloc.o)
 .debug_loc     0x00000106      0xd34 d:/root/arm-eabi/bin/../lib/gcc/arm-eabi/4.9.2/../../../../arm-eabi/lib/thumb/fpu/cortex_m4\libc.a(lib_a-mallocr.o)
 .debug_loc     0x00000e3a      0x14e d:/root/arm-eabi/bin/../lib/gcc/arm-eabi/4.9.2/../../../../arm-eabi/lib/thumb/fpu/cortex_m4\libc.a(lib_a-memcmp.o)
 .debug_loc     0x00000f88      0x1ae d:/root/arm-eabi/bin/../lib/gcc/arm-eabi/4.9.2/../../../../arm-eabi/lib/thumb/fpu/cortex_m4\libc.a(lib_a-memset.o)
 .debug_loc     0x00001136      0x11d d:/root/arm-eabi/bin/../lib/gcc/arm-eabi/4.9.2/../../../../arm-eabi/lib/thumb/fpu/cortex_m4\libc.a(lib_a-reent.o)
 .debug_loc     0x00001253       0x4d d:/root/arm-eabi/bin/../lib/gcc/arm-eabi/4.9.2/../../../../arm-eabi/lib/thumb/fpu/cortex_m4\libc.a(lib_a-sbrkr.o)
 .debug_loc     0x000012a0      0x1c2 d:/root/arm-eabi/bin/../lib/gcc/arm-eabi/4.9.2/../../../../arm-eabi/lib/thumb/fpu/cortex_m4\libc.a(lib_a-strchr.o)
 .debug_loc     0x00001462      0x4fd d:/root/arm-eabi/bin/../lib/gcc/arm-eabi/4.9.2/../../../../arm-eabi/lib/thumb/fpu/cortex_m4\libc.a(lib_a-freer.o)
